// Jest Snapshot v1, https://goo.gl/fbAQLP

exports[`Button renders button correctly 1`] = `
<button
  class="test-class"
  type="submit"
>
  Test Button
</button>
`;
