// Jest Snapshot v1, https://goo.gl/fbAQLP

exports[`testing Calculator Calculator snapshot renders correctly 1`] = `
<div
  className="Calculator-page-container"
>
  <h2
    className="Calculator-page-text"
  >
    Let's do some math!
  </h2>
  <div
    className="calc-container"
  >
    <div
      className="display"
    >
      0
    </div>
    <button
      className="calc-key"
      onClick={[Function]}
      type="submit"
    >
      AC
    </button>
    <button
      className="calc-key"
      onClick={[Function]}
      type="submit"
    >
      +/-
    </button>
    <button
      className="calc-key"
      onClick={[Function]}
      type="submit"
    >
      %
    </button>
    <button
      className="operator"
      onClick={[Function]}
      type="submit"
    >
      รท
    </button>
    <button
      className="calc-key"
      onClick={[Function]}
      type="submit"
    >
      7
    </button>
    <button
      className="calc-key"
      onClick={[Function]}
      type="submit"
    >
      8
    </button>
    <button
      className="calc-key"
      onClick={[Function]}
      type="submit"
    >
      9
    </button>
    <button
      className="operator"
      onClick={[Function]}
      type="submit"
    >
      x
    </button>
    <button
      className="calc-key"
      onClick={[Function]}
      type="submit"
    >
      4
    </button>
    <button
      className="calc-key"
      onClick={[Function]}
      type="submit"
    >
      5
    </button>
    <button
      className="calc-key"
      onClick={[Function]}
      type="submit"
    >
      6
    </button>
    <button
      className="operator"
      onClick={[Function]}
      type="submit"
    >
      -
    </button>
    <button
      className="calc-key"
      onClick={[Function]}
      type="submit"
    >
      1
    </button>
    <button
      className="calc-key"
      onClick={[Function]}
      type="submit"
    >
      2
    </button>
    <button
      className="calc-key"
      onClick={[Function]}
      type="submit"
    >
      3
    </button>
    <button
      className="operator"
      onClick={[Function]}
      type="submit"
    >
      +
    </button>
    <button
      className="zero"
      onClick={[Function]}
      type="submit"
    >
      0
    </button>
    <button
      className="calc-key"
      onClick={[Function]}
      type="submit"
    >
      .
    </button>
    <button
      className="operator"
      onClick={[Function]}
      type="submit"
    >
      =
    </button>
  </div>
</div>
`;
